Git常用命令

#)config
git help config
git config --system (cat /etc/gitconfig)
git config --global (cat ~/.gitconfig)
git config (cat .git/config)

git config --list
git config --global user.name "yhli365"
git config --global user.email yhli365@126.com

git config user.email
git config --global --unset user.email

git config --global alias.last 'log -1 HEAD'
git last

git config --system --list | grep core
git config --global --list | grep core
git config core.autocrlf
git config core.safecrlf
git config --global core.autocrlf false
git config --global core.safecrlf true

#)从现有仓库克隆
git clone https://github.com/yhli365/ygit-test.git

#)查看当前的远程库
cd ygit-test
git remote -v

#)提交更新
git status
git checkout
git rm -r src/main/avro
git add .
git commit -m ""
git push
git pull

#)标签
-查看标签
git tag
git show 1.0.1

-创建带注释的标签
git tag -a 1.0.1 -m 'my version 1.0.1'

-共享标签:将标签上传到远程服务器上
git push origin --tags

-切换到某个tag
git checkout tag_name
git branch

-切换到master
git checkout master

#)分支
查看本地和远程分支
$ git branch -a
切换分支
$ git checkout 4e

-导出
如果你的 tag 名是 1.0，可以按照如下方式导出。
1. 导出并压缩为 zip 格式:
$ git archive --format=zip --output=v1.0.zip 1.0
2. 导出并压缩为 tar.bz2 格式:
$ git archive 1.0 | bzip2 > v1.0.tar.bz2
3. 导出并压缩为 tar.gz 格式:
$ git archive --format=tar 1.0 | gzip > v1.0.tar.gz
导出master
git archive --format=tar master | gzip > master.tar.gz

#)Git Submodules
$ git submodule init
$ git submodule update


--)ERROR--------------
#)GIT 提交错误 fatal: LF would be replaced by CRLF in
$ git add .
fatal: LF would be replaced by CRLF in src/main/
$ git config --global core.autocrlf false
$ git config --global core.safecrlf true
$ 然后用文本编辑器转成Windows CRLF

